Copyright 1986-2015 Xilinx, Inc. All Rights Reserved.
-----------------------------------------------------------------------------------------------------------------
| Tool Version : Vivado v.2015.2 (win64) Build 1266856 Fri Jun 26 16:35:25 MDT 2015
| Date         : Tue Feb 18 17:36:59 2020
| Host         : DESKTOP-IJ212PT running 64-bit major release  (build 9200)
| Command      : report_control_sets -verbose -file lab9winter2019part2I2CuartIP_wrapper_control_sets_placed.rpt
| Design       : lab9winter2019part2I2CuartIP_wrapper
| Device       : xc7z010
-----------------------------------------------------------------------------------------------------------------

Control Set Information

Table of Contents
-----------------
1. Summary
2. Flip-Flop Distribution
3. Detailed Control Set Information

1. Summary
----------

+-------------------------------------------------------------------+-------+
|                               Status                              | Count |
+-------------------------------------------------------------------+-------+
| Number of unique control sets                                     |    97 |
| Minimum Number of register sites lost to control set restrictions |   203 |
+-------------------------------------------------------------------+-------+


2. Flip-Flop Distribution
-------------------------

+--------------+-----------------------+------------------------+-----------------+--------------+
| Clock Enable | Synchronous Set/Reset | Asynchronous Set/Reset | Total Registers | Total Slices |
+--------------+-----------------------+------------------------+-----------------+--------------+
| No           | No                    | No                     |             248 |           91 |
| No           | No                    | Yes                    |               0 |            0 |
| No           | Yes                   | No                     |             755 |          248 |
| Yes          | No                    | No                     |             506 |          118 |
| Yes          | No                    | Yes                    |               0 |            0 |
| Yes          | Yes                   | No                     |             576 |          188 |
+--------------+-----------------------+------------------------+-----------------+--------------+


3. Detailed Control Set Information
-----------------------------------

+---------------------------------------------------------------------+------------------------------------------------------------------------------------------------------------------------------------------------------------------------------------+-----------------------------------------------------------------------------------------------------------------------------------------------------------------------------+------------------+----------------+
|                             Clock Signal                            |                                                                                    Enable Signal                                                                                   |                                                                               Set/Reset Signal                                                                              | Slice Load Count | Bel Load Count |
+---------------------------------------------------------------------+------------------------------------------------------------------------------------------------------------------------------------------------------------------------------------+-----------------------------------------------------------------------------------------------------------------------------------------------------------------------------+------------------+----------------+
|  lab9winter2019part2I2CuartIP_i/processing_system7_0/inst/FCLK_CLK0 |                                                                                                                                                                                    | lab9winter2019part2I2CuartIP_i/UARTmodule2019_0/inst/TransmitUnit/kcuart/Tx_start                                                                                           |                1 |              1 |
|  lab9winter2019part2I2CuartIP_i/processing_system7_0/inst/FCLK_CLK0 | lab9winter2019part2I2CuartIP_i/processing_system7_0_axi_periph/s00_couplers/auto_pc/inst/gen_axilite.gen_b2s_conv.axilite_b2s/WR.b_channel_0/bid_fifo_0/bresp_push                 |                                                                                                                                                                             |                1 |              2 |
|  lab9winter2019part2I2CuartIP_i/processing_system7_0/inst/FCLK_CLK0 | lab9winter2019part2I2CuartIP_i/UARTmodule2019_0/inst/BaudRateUnit/en_16_x_baud                                                                                                     | lab9winter2019part2I2CuartIP_i/UARTmodule2019_0/inst/TransmitUnit/kcuart/Tx_start                                                                                           |                1 |              3 |
|  lab9winter2019part2I2CuartIP_i/processing_system7_0/inst/FCLK_CLK0 |                                                                                                                                                                                    | lab9winter2019part2I2CuartIP_i/axi_gpio_5/U0/AXI_LITE_IPIF_I/I_SLAVE_ATTACHMENT/clear                                                                                       |                1 |              4 |
|  lab9winter2019part2I2CuartIP_i/processing_system7_0/inst/FCLK_CLK0 |                                                                                                                                                                                    | lab9winter2019part2I2CuartIP_i/axi_gpio_4/U0/AXI_LITE_IPIF_I/I_SLAVE_ATTACHMENT/INCLUDE_DPHASE_TIMER.dpto_cnt[3]_i_1_n_0                                                    |                1 |              4 |
|  lab9winter2019part2I2CuartIP_i/processing_system7_0/inst/FCLK_CLK0 | lab9winter2019part2I2CuartIP_i/processing_system7_0_axi_periph/s00_couplers/auto_pc/inst/gen_axilite.gen_b2s_conv.axilite_b2s/WR.aw_channel_0/aw_cmd_fsm_0/axlen_cnt_reg[4]_0      |                                                                                                                                                                             |                2 |              4 |
|  lab9winter2019part2I2CuartIP_i/processing_system7_0/inst/FCLK_CLK0 |                                                                                                                                                                                    | lab9winter2019part2I2CuartIP_i/axi_gpio_2/U0/AXI_LITE_IPIF_I/I_SLAVE_ATTACHMENT/INCLUDE_DPHASE_TIMER.dpto_cnt[3]_i_1_n_0                                                    |                2 |              4 |
|  lab9winter2019part2I2CuartIP_i/processing_system7_0/inst/FCLK_CLK0 |                                                                                                                                                                                    | lab9winter2019part2I2CuartIP_i/axi_gpio_1/U0/AXI_LITE_IPIF_I/I_SLAVE_ATTACHMENT/clear                                                                                       |                1 |              4 |
|  lab9winter2019part2I2CuartIP_i/processing_system7_0/inst/FCLK_CLK0 |                                                                                                                                                                                    | lab9winter2019part2I2CuartIP_i/axi_gpio_0/U0/gpio_core_1/Read_Reg_Rst                                                                                                       |                2 |              4 |
|  lab9winter2019part2I2CuartIP_i/processing_system7_0/inst/FCLK_CLK0 |                                                                                                                                                                                    | lab9winter2019part2I2CuartIP_i/axi_gpio_10/U0/AXI_LITE_IPIF_I/I_SLAVE_ATTACHMENT/INCLUDE_DPHASE_TIMER.dpto_cnt[3]_i_1_n_0                                                   |                2 |              4 |
|  lab9winter2019part2I2CuartIP_i/processing_system7_0/inst/FCLK_CLK0 |                                                                                                                                                                                    | lab9winter2019part2I2CuartIP_i/axi_gpio_0/U0/AXI_LITE_IPIF_I/I_SLAVE_ATTACHMENT/INCLUDE_DPHASE_TIMER.dpto_cnt[3]_i_1_n_0                                                    |                1 |              4 |
|  lab9winter2019part2I2CuartIP_i/processing_system7_0/inst/FCLK_CLK0 | lab9winter2019part2I2CuartIP_i/UARTmodule2019_0/inst/ReceiveUnit/buf_0/data_present                                                                                                |                                                                                                                                                                             |                1 |              4 |
|  lab9winter2019part2I2CuartIP_i/processing_system7_0/inst/FCLK_CLK0 |                                                                                                                                                                                    | lab9winter2019part2I2CuartIP_i/axi_gpio_3/U0/AXI_LITE_IPIF_I/I_SLAVE_ATTACHMENT/clear                                                                                       |                2 |              4 |
|  lab9winter2019part2I2CuartIP_i/processing_system7_0/inst/FCLK_CLK0 |                                                                                                                                                                                    | lab9winter2019part2I2CuartIP_i/axi_gpio_9/U0/AXI_LITE_IPIF_I/I_SLAVE_ATTACHMENT/clear                                                                                       |                2 |              4 |
|  lab9winter2019part2I2CuartIP_i/processing_system7_0/inst/FCLK_CLK0 |                                                                                                                                                                                    | lab9winter2019part2I2CuartIP_i/axi_gpio_6/U0/AXI_LITE_IPIF_I/I_SLAVE_ATTACHMENT/INCLUDE_DPHASE_TIMER.dpto_cnt[3]_i_1_n_0                                                    |                1 |              4 |
|  lab9winter2019part2I2CuartIP_i/processing_system7_0/inst/FCLK_CLK0 | lab9winter2019part2I2CuartIP_i/UARTmodule2019_0/inst/TransmitUnit/buf_0/data_present                                                                                               |                                                                                                                                                                             |                1 |              4 |
|  lab9winter2019part2I2CuartIP_i/processing_system7_0/inst/FCLK_CLK0 | lab9winter2019part2I2CuartIP_i/processing_system7_0_axi_periph/s00_couplers/auto_pc/inst/gen_axilite.gen_b2s_conv.axilite_b2s/RD.ar_channel_0/ar_cmd_fsm_0/axlen_cnt_reg[4]        | lab9winter2019part2I2CuartIP_i/processing_system7_0_axi_periph/s00_couplers/auto_pc/inst/gen_axilite.gen_b2s_conv.axilite_b2s/RD.ar_channel_0/ar_cmd_fsm_0/axlen_cnt_reg[7] |                1 |              4 |
|  lab9winter2019part2I2CuartIP_i/processing_system7_0/inst/FCLK_CLK0 |                                                                                                                                                                                    | lab9winter2019part2I2CuartIP_i/axi_gpio_7/U0/AXI_LITE_IPIF_I/I_SLAVE_ATTACHMENT/clear                                                                                       |                2 |              4 |
|  lab9winter2019part2I2CuartIP_i/processing_system7_0/inst/FCLK_CLK0 | lab9winter2019part2I2CuartIP_i/processing_system7_0_axi_periph/s00_couplers/auto_pc/inst/gen_axilite.gen_b2s_conv.axilite_b2s/RD.ar_channel_0/ar_cmd_fsm_0/axlen_cnt_reg[4]        |                                                                                                                                                                             |                1 |              4 |
|  lab9winter2019part2I2CuartIP_i/processing_system7_0/inst/FCLK_CLK0 |                                                                                                                                                                                    | lab9winter2019part2I2CuartIP_i/axi_gpio_8/U0/AXI_LITE_IPIF_I/I_SLAVE_ATTACHMENT/INCLUDE_DPHASE_TIMER.dpto_cnt[3]_i_1_n_0                                                    |                2 |              4 |
|  lab9winter2019part2I2CuartIP_i/processing_system7_0/inst/FCLK_CLK0 | lab9winter2019part2I2CuartIP_i/axi_gpio_0/U0/AXI_LITE_IPIF_I/I_SLAVE_ATTACHMENT/s_axi_rdata_i[3]_i_1_n_0                                                                           | lab9winter2019part2I2CuartIP_i/axi_gpio_0/U0/AXI_LITE_IPIF_I/I_SLAVE_ATTACHMENT/SR                                                                                          |                2 |              4 |
|  lab9winter2019part2I2CuartIP_i/processing_system7_0/inst/FCLK_CLK0 | lab9winter2019part2I2CuartIP_i/axi_gpio_0/U0/AXI_LITE_IPIF_I/I_SLAVE_ATTACHMENT/I_DECODER/Not_Dual.gpio_OE_reg[0][0]                                                               | lab9winter2019part2I2CuartIP_i/axi_gpio_0/U0/AXI_LITE_IPIF_I/I_SLAVE_ATTACHMENT/SR                                                                                          |                1 |              4 |
|  lab9winter2019part2I2CuartIP_i/processing_system7_0/inst/FCLK_CLK0 | lab9winter2019part2I2CuartIP_i/axi_gpio_0/U0/AXI_LITE_IPIF_I/I_SLAVE_ATTACHMENT/I_DECODER/E[0]                                                                                     | lab9winter2019part2I2CuartIP_i/axi_gpio_0/U0/AXI_LITE_IPIF_I/I_SLAVE_ATTACHMENT/SR                                                                                          |                1 |              4 |
|  lab9winter2019part2I2CuartIP_i/processing_system7_0/inst/FCLK_CLK0 | lab9winter2019part2I2CuartIP_i/processing_system7_0_axi_periph/s00_couplers/auto_pc/inst/gen_axilite.gen_b2s_conv.axilite_b2s/RD.ar_channel_0/ar_cmd_fsm_0/axlen_cnt_reg[0][0]     |                                                                                                                                                                             |                1 |              4 |
|  lab9winter2019part2I2CuartIP_i/processing_system7_0/inst/FCLK_CLK0 | lab9winter2019part2I2CuartIP_i/processing_system7_0_axi_periph/s00_couplers/auto_pc/inst/gen_axilite.gen_b2s_conv.axilite_b2s/WR.aw_channel_0/aw_cmd_fsm_0/axlen_cnt_reg[4]_0      | lab9winter2019part2I2CuartIP_i/processing_system7_0_axi_periph/s00_couplers/auto_pc/inst/gen_axilite.gen_b2s_conv.axilite_b2s/WR.aw_channel_0/aw_cmd_fsm_0/axlen_cnt_reg[7] |                2 |              4 |
|  lab9winter2019part2I2CuartIP_i/processing_system7_0/inst/FCLK_CLK0 | lab9winter2019part2I2CuartIP_i/processing_system7_0_axi_periph/s00_couplers/auto_pc/inst/gen_axilite.gen_b2s_conv.axilite_b2s/WR.aw_channel_0/aw_cmd_fsm_0/axlen_cnt_reg[0]_0[0]   |                                                                                                                                                                             |                2 |              4 |
|  lab9winter2019part2I2CuartIP_i/processing_system7_0/inst/FCLK_CLK0 |                                                                                                                                                                                    | lab9winter2019part2I2CuartIP_i/UARTmodule2019_0/inst/WriteOneShotUnit/SR[0]                                                                                                 |                3 |              5 |
|  lab9winter2019part2I2CuartIP_i/processing_system7_0/inst/FCLK_CLK0 |                                                                                                                                                                                    | lab9winter2019part2I2CuartIP_i/rst_processing_system7_0_100M/U0/EXT_LPF/lpf_int                                                                                             |                4 |              5 |
|  lab9winter2019part2I2CuartIP_i/processing_system7_0/inst/FCLK_CLK0 | lab9winter2019part2I2CuartIP_i/rst_processing_system7_0_100M/U0/SEQ/seq_cnt_en                                                                                                     | lab9winter2019part2I2CuartIP_i/rst_processing_system7_0_100M/U0/SEQ/SEQ_COUNTER/clear                                                                                       |                1 |              6 |
|  lab9winter2019part2I2CuartIP_i/processing_system7_0/inst/FCLK_CLK0 | lab9winter2019part2I2CuartIP_i/axi_gpio_1/U0/AXI_LITE_IPIF_I/I_SLAVE_ATTACHMENT/I_DECODER/E[0]                                                                                     | lab9winter2019part2I2CuartIP_i/axi_gpio_1/U0/bus2ip_reset                                                                                                                   |                3 |              8 |
|  lab9winter2019part2I2CuartIP_i/processing_system7_0/inst/FCLK_CLK0 | lab9winter2019part2I2CuartIP_i/axi_gpio_1/U0/AXI_LITE_IPIF_I/I_SLAVE_ATTACHMENT/I_DECODER/Dual.gpio_OE_reg[0][0]                                                                   | lab9winter2019part2I2CuartIP_i/axi_gpio_1/U0/bus2ip_reset                                                                                                                   |                2 |              8 |
|  lab9winter2019part2I2CuartIP_i/processing_system7_0/inst/FCLK_CLK0 | lab9winter2019part2I2CuartIP_i/UARTmodule2019_0/inst/ReceiveUnit/buf_0/valid_write                                                                                                 |                                                                                                                                                                             |                8 |              8 |
|  lab9winter2019part2I2CuartIP_i/processing_system7_0/inst/FCLK_CLK0 |                                                                                                                                                                                    | lab9winter2019part2I2CuartIP_i/axi_gpio_1/U0/AXI_LITE_IPIF_I/I_SLAVE_ATTACHMENT/I_DECODER/Read_Reg_Rst                                                                      |                5 |              8 |
|  lab9winter2019part2I2CuartIP_i/processing_system7_0/inst/FCLK_CLK0 | lab9winter2019part2I2CuartIP_i/axi_gpio_3/U0/AXI_LITE_IPIF_I/I_SLAVE_ATTACHMENT/I_DECODER/Dual.gpio_OE_reg[0][0]                                                                   | lab9winter2019part2I2CuartIP_i/axi_gpio_3/U0/bus2ip_reset                                                                                                                   |                2 |              8 |
|  lab9winter2019part2I2CuartIP_i/processing_system7_0/inst/FCLK_CLK0 | lab9winter2019part2I2CuartIP_i/UARTmodule2019_0/inst/TransmitUnit/buf_0/valid_write                                                                                                |                                                                                                                                                                             |                1 |              8 |
|  lab9winter2019part2I2CuartIP_i/processing_system7_0/inst/FCLK_CLK0 |                                                                                                                                                                                    | lab9winter2019part2I2CuartIP_i/processing_system7_0_axi_periph/s00_couplers/auto_pc/inst/gen_axilite.gen_b2s_conv.axilite_b2s/SI_REG/ar_pipe/SR[0]                          |                4 |              8 |
|  lab9winter2019part2I2CuartIP_i/processing_system7_0/inst/FCLK_CLK0 | lab9winter2019part2I2CuartIP_i/axi_gpio_3/U0/AXI_LITE_IPIF_I/I_SLAVE_ATTACHMENT/s_axi_rdata_i[7]_i_1_n_0                                                                           | lab9winter2019part2I2CuartIP_i/axi_gpio_3/U0/bus2ip_reset                                                                                                                   |                4 |              8 |
|  lab9winter2019part2I2CuartIP_i/processing_system7_0/inst/FCLK_CLK0 |                                                                                                                                                                                    | lab9winter2019part2I2CuartIP_i/axi_gpio_3/U0/AXI_LITE_IPIF_I/I_SLAVE_ATTACHMENT/I_DECODER/Read_Reg_Rst                                                                      |                3 |              8 |
|  lab9winter2019part2I2CuartIP_i/processing_system7_0/inst/FCLK_CLK0 | lab9winter2019part2I2CuartIP_i/axi_gpio_1/U0/AXI_LITE_IPIF_I/I_SLAVE_ATTACHMENT/s_axi_rdata_i[7]_i_1_n_0                                                                           | lab9winter2019part2I2CuartIP_i/axi_gpio_1/U0/bus2ip_reset                                                                                                                   |                2 |              8 |
|  lab9winter2019part2I2CuartIP_i/processing_system7_0/inst/FCLK_CLK0 | lab9winter2019part2I2CuartIP_i/processing_system7_0_axi_periph/s00_couplers/auto_pc/inst/gen_axilite.gen_b2s_conv.axilite_b2s/WR.b_channel_0/mhandshake_r                          | lab9winter2019part2I2CuartIP_i/processing_system7_0_axi_periph/s00_couplers/auto_pc/inst/gen_axilite.gen_b2s_conv.axilite_b2s/WR.b_channel_0/bid_fifo_0/SR[0]               |                3 |              8 |
|  lab9winter2019part2I2CuartIP_i/processing_system7_0/inst/FCLK_CLK0 | lab9winter2019part2I2CuartIP_i/processing_system7_0_axi_periph/s00_couplers/auto_pc/inst/gen_axilite.gen_b2s_conv.axilite_b2s/RD.ar_channel_0/ar_cmd_fsm_0/E[0]                    |                                                                                                                                                                             |                4 |             12 |
|  lab9winter2019part2I2CuartIP_i/processing_system7_0/inst/FCLK_CLK0 | lab9winter2019part2I2CuartIP_i/processing_system7_0_axi_periph/s00_couplers/auto_pc/inst/gen_axilite.gen_b2s_conv.axilite_b2s/WR.aw_channel_0/aw_cmd_fsm_0/E[0]                    |                                                                                                                                                                             |                6 |             12 |
|  lab9winter2019part2I2CuartIP_i/processing_system7_0/inst/FCLK_CLK0 | lab9winter2019part2I2CuartIP_i/processing_system7_0_axi_periph/s00_couplers/auto_pc/inst/gen_axilite.gen_b2s_conv.axilite_b2s/WR.aw_channel_0/aw_cmd_fsm_0/axaddr_wrap_reg[0][0]   |                                                                                                                                                                             |                4 |             12 |
|  lab9winter2019part2I2CuartIP_i/processing_system7_0/inst/FCLK_CLK0 | lab9winter2019part2I2CuartIP_i/processing_system7_0_axi_periph/s00_couplers/auto_pc/inst/gen_axilite.gen_b2s_conv.axilite_b2s/RD.ar_channel_0/ar_cmd_fsm_0/axaddr_wrap_reg[0][0]   |                                                                                                                                                                             |                3 |             12 |
|  lab9winter2019part2I2CuartIP_i/processing_system7_0/inst/FCLK_CLK0 | lab9winter2019part2I2CuartIP_i/processing_system7_0_axi_periph/s00_couplers/auto_pc/inst/gen_axilite.gen_b2s_conv.axilite_b2s/RD.ar_channel_0/ar_cmd_fsm_0/axaddr_incr_reg[0]      |                                                                                                                                                                             |                3 |             12 |
|  lab9winter2019part2I2CuartIP_i/processing_system7_0/inst/FCLK_CLK0 | lab9winter2019part2I2CuartIP_i/processing_system7_0_axi_periph/s00_couplers/auto_pc/inst/gen_axilite.gen_b2s_conv.axilite_b2s/WR.aw_channel_0/aw_cmd_fsm_0/axaddr_incr_reg[0]      |                                                                                                                                                                             |                3 |             12 |
|  lab9winter2019part2I2CuartIP_i/processing_system7_0/inst/FCLK_CLK0 | lab9winter2019part2I2CuartIP_i/processing_system7_0_axi_periph/s00_couplers/auto_pc/inst/gen_axilite.gen_b2s_conv.axilite_b2s/RD.r_channel_0/r_push_r                              |                                                                                                                                                                             |                4 |             13 |
|  lab9winter2019part2I2CuartIP_i/processing_system7_0/inst/FCLK_CLK0 | lab9winter2019part2I2CuartIP_i/processing_system7_0_axi_periph/s00_couplers/auto_pc/inst/gen_axilite.gen_b2s_conv.axilite_b2s/SI_REG/b_pipe/p_1_in                                 |                                                                                                                                                                             |                2 |             14 |
|  lab9winter2019part2I2CuartIP_i/processing_system7_0/inst/FCLK_CLK0 | lab9winter2019part2I2CuartIP_i/processing_system7_0_axi_periph/s00_couplers/auto_pc/inst/gen_axilite.gen_b2s_conv.axilite_b2s/SI_REG/b_pipe/skid_buffer_reg[0]_0                   |                                                                                                                                                                             |                3 |             14 |
|  lab9winter2019part2I2CuartIP_i/processing_system7_0/inst/FCLK_CLK0 |                                                                                                                                                                                    | lab9winter2019part2I2CuartIP_i/axi_gpio_4/U0/AXI_LITE_IPIF_I/I_SLAVE_ATTACHMENT/SR                                                                                          |                4 |             15 |
|  lab9winter2019part2I2CuartIP_i/processing_system7_0/inst/FCLK_CLK0 |                                                                                                                                                                                    | lab9winter2019part2I2CuartIP_i/axi_gpio_2/U0/AXI_LITE_IPIF_I/I_SLAVE_ATTACHMENT/SR                                                                                          |                5 |             15 |
|  lab9winter2019part2I2CuartIP_i/processing_system7_0/inst/FCLK_CLK0 |                                                                                                                                                                                    | lab9winter2019part2I2CuartIP_i/axi_gpio_0/U0/AXI_LITE_IPIF_I/I_SLAVE_ATTACHMENT/SR                                                                                          |                5 |             16 |
|  lab9winter2019part2I2CuartIP_i/processing_system7_0/inst/FCLK_CLK0 |                                                                                                                                                                                    | lab9winter2019part2I2CuartIP_i/UARTmodule2019_0/inst/BaudRateUnit/baud_count[0]_i_1_n_0                                                                                     |                4 |             16 |
|  lab9winter2019part2I2CuartIP_i/processing_system7_0/inst/FCLK_CLK0 |                                                                                                                                                                                    | lab9winter2019part2I2CuartIP_i/axi_gpio_6/U0/I_SLAVE_ATTACHMENT/rst                                                                                                         |                6 |             18 |
|  lab9winter2019part2I2CuartIP_i/processing_system7_0/inst/FCLK_CLK0 |                                                                                                                                                                                    | lab9winter2019part2I2CuartIP_i/axi_gpio_8/U0/I_SLAVE_ATTACHMENT/rst                                                                                                         |                7 |             18 |
|  lab9winter2019part2I2CuartIP_i/processing_system7_0/inst/FCLK_CLK0 |                                                                                                                                                                                    | lab9winter2019part2I2CuartIP_i/axi_gpio_10/U0/I_SLAVE_ATTACHMENT/rst                                                                                                        |                7 |             18 |
|  lab9winter2019part2I2CuartIP_i/processing_system7_0/inst/FCLK_CLK0 | lab9winter2019part2I2CuartIP_i/processing_system7_0_axi_periph/xbar/inst/gen_sasd.crossbar_sasd_0/addr_arbiter_inst/p_0_in1_in                                                     | lab9winter2019part2I2CuartIP_i/processing_system7_0_axi_periph/xbar/inst/gen_sasd.crossbar_sasd_0/addr_arbiter_inst/reset                                                   |                6 |             19 |
|  lab9winter2019part2I2CuartIP_i/processing_system7_0/inst/FCLK_CLK0 | lab9winter2019part2I2CuartIP_i/processing_system7_0_axi_periph/s00_couplers/auto_pc/inst/gen_axilite.gen_b2s_conv.axilite_b2s/WR.aw_channel_0/aw_cmd_fsm_0/m_payload_i_reg[0]      |                                                                                                                                                                             |                4 |             20 |
|  lab9winter2019part2I2CuartIP_i/processing_system7_0/inst/FCLK_CLK0 |                                                                                                                                                                                    | lab9winter2019part2I2CuartIP_i/axi_gpio_1/U0/bus2ip_reset                                                                                                                   |                6 |             22 |
|  lab9winter2019part2I2CuartIP_i/processing_system7_0/inst/FCLK_CLK0 |                                                                                                                                                                                    | lab9winter2019part2I2CuartIP_i/axi_gpio_3/U0/bus2ip_reset                                                                                                                   |                7 |             22 |
|  lab9winter2019part2I2CuartIP_i/processing_system7_0/inst/FCLK_CLK0 |                                                                                                                                                                                    | lab9winter2019part2I2CuartIP_i/processing_system7_0_axi_periph/xbar/inst/gen_sasd.crossbar_sasd_0/addr_arbiter_inst/reset                                                   |                8 |             23 |
|  lab9winter2019part2I2CuartIP_i/processing_system7_0/inst/FCLK_CLK0 | lab9winter2019part2I2CuartIP_i/axi_gpio_9/U0/AXI_LITE_IPIF_I/I_SLAVE_ATTACHMENT/I_DECODER/Dual.gpio_OE_reg[0][0]                                                                   | lab9winter2019part2I2CuartIP_i/axi_gpio_9/U0/bus2ip_reset                                                                                                                   |               11 |             32 |
|  lab9winter2019part2I2CuartIP_i/processing_system7_0/inst/FCLK_CLK0 | lab9winter2019part2I2CuartIP_i/axi_gpio_9/U0/AXI_LITE_IPIF_I/I_SLAVE_ATTACHMENT/I_DECODER/E[0]                                                                                     | lab9winter2019part2I2CuartIP_i/axi_gpio_9/U0/bus2ip_reset                                                                                                                   |               12 |             32 |
|  lab9winter2019part2I2CuartIP_i/processing_system7_0/inst/FCLK_CLK0 | lab9winter2019part2I2CuartIP_i/axi_gpio_9/U0/AXI_LITE_IPIF_I/I_SLAVE_ATTACHMENT/s_axi_rdata_i[31]_i_1_n_0                                                                          | lab9winter2019part2I2CuartIP_i/axi_gpio_9/U0/bus2ip_reset                                                                                                                   |               13 |             32 |
|  lab9winter2019part2I2CuartIP_i/processing_system7_0/inst/FCLK_CLK0 |                                                                                                                                                                                    | lab9winter2019part2I2CuartIP_i/pwmGenerator_2/inst/count[0]_i_1_n_0                                                                                                         |                8 |             32 |
|  lab9winter2019part2I2CuartIP_i/processing_system7_0/inst/FCLK_CLK0 |                                                                                                                                                                                    | lab9winter2019part2I2CuartIP_i/pwmGenerator_1/inst/count[0]_i_1_n_0                                                                                                         |                8 |             32 |
|  lab9winter2019part2I2CuartIP_i/processing_system7_0/inst/FCLK_CLK0 |                                                                                                                                                                                    | lab9winter2019part2I2CuartIP_i/pwmGenerator_0/inst/count[0]_i_1_n_0                                                                                                         |                8 |             32 |
|  lab9winter2019part2I2CuartIP_i/processing_system7_0/inst/FCLK_CLK0 | lab9winter2019part2I2CuartIP_i/axi_gpio_5/U0/AXI_LITE_IPIF_I/I_SLAVE_ATTACHMENT/I_DECODER/E[0]                                                                                     | lab9winter2019part2I2CuartIP_i/axi_gpio_5/U0/bus2ip_reset                                                                                                                   |               10 |             32 |
|  lab9winter2019part2I2CuartIP_i/processing_system7_0/inst/FCLK_CLK0 | lab9winter2019part2I2CuartIP_i/axi_gpio_5/U0/AXI_LITE_IPIF_I/I_SLAVE_ATTACHMENT/I_DECODER/Dual.gpio_OE_reg[0][0]                                                                   | lab9winter2019part2I2CuartIP_i/axi_gpio_5/U0/bus2ip_reset                                                                                                                   |               13 |             32 |
|  lab9winter2019part2I2CuartIP_i/processing_system7_0/inst/FCLK_CLK0 | lab9winter2019part2I2CuartIP_i/axi_gpio_5/U0/AXI_LITE_IPIF_I/I_SLAVE_ATTACHMENT/I_DECODER/Dual.gpio_Data_Out_reg[0][0]                                                             | lab9winter2019part2I2CuartIP_i/axi_gpio_5/U0/bus2ip_reset                                                                                                                   |               10 |             32 |
|  lab9winter2019part2I2CuartIP_i/processing_system7_0/inst/FCLK_CLK0 | lab9winter2019part2I2CuartIP_i/axi_gpio_5/U0/AXI_LITE_IPIF_I/I_SLAVE_ATTACHMENT/I_DECODER/Dual.gpio2_Data_Out_reg[0][0]                                                            | lab9winter2019part2I2CuartIP_i/axi_gpio_5/U0/bus2ip_reset                                                                                                                   |                9 |             32 |
|  lab9winter2019part2I2CuartIP_i/processing_system7_0/inst/FCLK_CLK0 | lab9winter2019part2I2CuartIP_i/axi_gpio_5/U0/AXI_LITE_IPIF_I/I_SLAVE_ATTACHMENT/s_axi_rdata_i[31]_i_1_n_0                                                                          | lab9winter2019part2I2CuartIP_i/axi_gpio_5/U0/bus2ip_reset                                                                                                                   |               11 |             32 |
|  lab9winter2019part2I2CuartIP_i/processing_system7_0/inst/FCLK_CLK0 | lab9winter2019part2I2CuartIP_i/axi_gpio_7/U0/AXI_LITE_IPIF_I/I_SLAVE_ATTACHMENT/I_DECODER/Dual.gpio2_Data_Out_reg[0][0]                                                            | lab9winter2019part2I2CuartIP_i/axi_gpio_7/U0/bus2ip_reset                                                                                                                   |               10 |             32 |
|  lab9winter2019part2I2CuartIP_i/processing_system7_0/inst/FCLK_CLK0 | lab9winter2019part2I2CuartIP_i/axi_gpio_7/U0/AXI_LITE_IPIF_I/I_SLAVE_ATTACHMENT/I_DECODER/Dual.gpio_Data_Out_reg[0][0]                                                             | lab9winter2019part2I2CuartIP_i/axi_gpio_7/U0/bus2ip_reset                                                                                                                   |               11 |             32 |
|  lab9winter2019part2I2CuartIP_i/processing_system7_0/inst/FCLK_CLK0 | lab9winter2019part2I2CuartIP_i/axi_gpio_7/U0/AXI_LITE_IPIF_I/I_SLAVE_ATTACHMENT/I_DECODER/Dual.gpio_OE_reg[0][0]                                                                   | lab9winter2019part2I2CuartIP_i/axi_gpio_7/U0/bus2ip_reset                                                                                                                   |               11 |             32 |
|  lab9winter2019part2I2CuartIP_i/processing_system7_0/inst/FCLK_CLK0 | lab9winter2019part2I2CuartIP_i/axi_gpio_7/U0/AXI_LITE_IPIF_I/I_SLAVE_ATTACHMENT/I_DECODER/E[0]                                                                                     | lab9winter2019part2I2CuartIP_i/axi_gpio_7/U0/bus2ip_reset                                                                                                                   |               11 |             32 |
|  lab9winter2019part2I2CuartIP_i/processing_system7_0/inst/FCLK_CLK0 | lab9winter2019part2I2CuartIP_i/axi_gpio_7/U0/AXI_LITE_IPIF_I/I_SLAVE_ATTACHMENT/s_axi_rdata_i[31]_i_1_n_0                                                                          | lab9winter2019part2I2CuartIP_i/axi_gpio_7/U0/bus2ip_reset                                                                                                                   |               13 |             32 |
|  lab9winter2019part2I2CuartIP_i/processing_system7_0/inst/FCLK_CLK0 | lab9winter2019part2I2CuartIP_i/axi_gpio_9/U0/AXI_LITE_IPIF_I/I_SLAVE_ATTACHMENT/I_DECODER/Dual.gpio2_Data_Out_reg[0][0]                                                            | lab9winter2019part2I2CuartIP_i/axi_gpio_9/U0/bus2ip_reset                                                                                                                   |                7 |             32 |
|  lab9winter2019part2I2CuartIP_i/processing_system7_0/inst/FCLK_CLK0 | lab9winter2019part2I2CuartIP_i/axi_gpio_9/U0/AXI_LITE_IPIF_I/I_SLAVE_ATTACHMENT/I_DECODER/Dual.gpio_Data_Out_reg[0][0]                                                             | lab9winter2019part2I2CuartIP_i/axi_gpio_9/U0/bus2ip_reset                                                                                                                   |                5 |             32 |
|  lab9winter2019part2I2CuartIP_i/processing_system7_0/inst/FCLK_CLK0 | lab9winter2019part2I2CuartIP_i/processing_system7_0_axi_periph/s00_couplers/auto_pc/inst/gen_axilite.gen_b2s_conv.axilite_b2s/RD.r_channel_0/rd_data_fifo_0/wr_en0                 |                                                                                                                                                                             |                9 |             34 |
|  lab9winter2019part2I2CuartIP_i/processing_system7_0/inst/FCLK_CLK0 | lab9winter2019part2I2CuartIP_i/processing_system7_0_axi_periph/xbar/inst/gen_sasd.crossbar_sasd_0/addr_arbiter_inst/E[0]                                                           |                                                                                                                                                                             |               10 |             35 |
|  lab9winter2019part2I2CuartIP_i/processing_system7_0/inst/FCLK_CLK0 | lab9winter2019part2I2CuartIP_i/processing_system7_0_axi_periph/xbar/inst/gen_sasd.crossbar_sasd_0/reg_slice_r/aa_rready                                                            |                                                                                                                                                                             |               10 |             35 |
|  lab9winter2019part2I2CuartIP_i/processing_system7_0/inst/FCLK_CLK0 |                                                                                                                                                                                    | lab9winter2019part2I2CuartIP_i/axi_gpio_7/U0/bus2ip_reset                                                                                                                   |               18 |             44 |
|  lab9winter2019part2I2CuartIP_i/processing_system7_0/inst/FCLK_CLK0 |                                                                                                                                                                                    | lab9winter2019part2I2CuartIP_i/axi_gpio_5/U0/bus2ip_reset                                                                                                                   |               15 |             44 |
|  lab9winter2019part2I2CuartIP_i/processing_system7_0/inst/FCLK_CLK0 |                                                                                                                                                                                    | lab9winter2019part2I2CuartIP_i/axi_gpio_9/U0/bus2ip_reset                                                                                                                   |               15 |             44 |
|  lab9winter2019part2I2CuartIP_i/processing_system7_0/inst/FCLK_CLK0 | lab9winter2019part2I2CuartIP_i/UARTmodule2019_0/inst/BaudRateUnit/en_16_x_baud                                                                                                     |                                                                                                                                                                             |               14 |             46 |
|  lab9winter2019part2I2CuartIP_i/processing_system7_0/inst/FCLK_CLK0 | lab9winter2019part2I2CuartIP_i/processing_system7_0_axi_periph/s00_couplers/auto_pc/inst/gen_axilite.gen_b2s_conv.axilite_b2s/SI_REG/r_pipe/p_1_in                                 |                                                                                                                                                                             |               10 |             47 |
|  lab9winter2019part2I2CuartIP_i/processing_system7_0/inst/FCLK_CLK0 | lab9winter2019part2I2CuartIP_i/processing_system7_0_axi_periph/s00_couplers/auto_pc/inst/gen_axilite.gen_b2s_conv.axilite_b2s/SI_REG/r_pipe/skid_buffer_reg[0]_0                   |                                                                                                                                                                             |               10 |             47 |
|  lab9winter2019part2I2CuartIP_i/processing_system7_0/inst/FCLK_CLK0 | lab9winter2019part2I2CuartIP_i/processing_system7_0_axi_periph/s00_couplers/auto_pc/inst/gen_axilite.gen_b2s_conv.axilite_b2s/SI_REG/ar_pipe/skid_buffer_reg[0]_0                  |                                                                                                                                                                             |               10 |             48 |
|  lab9winter2019part2I2CuartIP_i/processing_system7_0/inst/FCLK_CLK0 | lab9winter2019part2I2CuartIP_i/processing_system7_0_axi_periph/s00_couplers/auto_pc/inst/gen_axilite.gen_b2s_conv.axilite_b2s/WR.aw_channel_0/aw_cmd_fsm_0/m_payload_i_reg[0]_0[0] |                                                                                                                                                                             |                8 |             48 |
|  lab9winter2019part2I2CuartIP_i/processing_system7_0/inst/FCLK_CLK0 | lab9winter2019part2I2CuartIP_i/processing_system7_0_axi_periph/s00_couplers/auto_pc/inst/gen_axilite.gen_b2s_conv.axilite_b2s/RD.ar_channel_0/ar_cmd_fsm_0/m_payload_i_reg[0][0]   |                                                                                                                                                                             |                8 |             48 |
|  lab9winter2019part2I2CuartIP_i/processing_system7_0/inst/FCLK_CLK0 | lab9winter2019part2I2CuartIP_i/processing_system7_0_axi_periph/s00_couplers/auto_pc/inst/gen_axilite.gen_b2s_conv.axilite_b2s/SI_REG/aw_pipe/skid_buffer_reg[0]_0                  |                                                                                                                                                                             |                8 |             48 |
|  lab9winter2019part2I2CuartIP_i/processing_system7_0/inst/FCLK_CLK0 |                                                                                                                                                                                    | lab9winter2019part2I2CuartIP_i/axi_gpio_7/U0/AXI_LITE_IPIF_I/I_SLAVE_ATTACHMENT/I_DECODER/Read_Reg_Rst                                                                      |               21 |             64 |
|  lab9winter2019part2I2CuartIP_i/processing_system7_0/inst/FCLK_CLK0 |                                                                                                                                                                                    | lab9winter2019part2I2CuartIP_i/axi_gpio_5/U0/AXI_LITE_IPIF_I/I_SLAVE_ATTACHMENT/I_DECODER/Read_Reg_Rst                                                                      |               20 |             64 |
|  lab9winter2019part2I2CuartIP_i/processing_system7_0/inst/FCLK_CLK0 |                                                                                                                                                                                    | lab9winter2019part2I2CuartIP_i/axi_gpio_9/U0/AXI_LITE_IPIF_I/I_SLAVE_ATTACHMENT/I_DECODER/Read_Reg_Rst                                                                      |               20 |             64 |
|  lab9winter2019part2I2CuartIP_i/processing_system7_0/inst/FCLK_CLK0 |                                                                                                                                                                                    | lab9winter2019part2I2CuartIP_i/processing_system7_0_axi_periph/s00_couplers/auto_pc/inst/gen_axilite.gen_b2s_conv.axilite_b2s/areset_d1                                     |               17 |             69 |
|  lab9winter2019part2I2CuartIP_i/processing_system7_0/inst/FCLK_CLK0 |                                                                                                                                                                                    |                                                                                                                                                                             |               92 |            249 |
+---------------------------------------------------------------------+------------------------------------------------------------------------------------------------------------------------------------------------------------------------------------+-----------------------------------------------------------------------------------------------------------------------------------------------------------------------------+------------------+----------------+


